// Vitest Snapshot v1, https://vitest.dev/guide/snapshot.html

exports[`button-group > default 1`] = `
<div>
  <div
    class="flex w-fit items-stretch *:focus-visible:relative *:focus-visible:z-10 has-[>[data-slot=button-group]]:gap-2 has-[select[aria-hidden=true]:last-child]:[&>[data-slot=select-trigger]:last-of-type]:rounded-r-md [&>[data-slot=select-trigger]:not([class*='w-'])]:w-fit [&>input]:flex-1 *:data-slot:rounded-r-none [&>[data-slot]:not(:has(~[data-slot]))]:rounded-r-md! [&>[data-slot]~[data-slot]]:rounded-l-none [&>[data-slot]~[data-slot]]:border-l-0"
    data-slot="button-group"
    role="group"
  >
    <button
      class="group/button inline-flex shrink-0 items-center justify-center rounded-md border bg-clip-padding font-medium whitespace-nowrap transition-all duration-150 ease-out outline-none select-none focus-visible:border-ring focus-visible:ring-2 focus-visible:ring-ring/50 disabled:pointer-events-none disabled:opacity-50 aria-invalid:border-destructive aria-invalid:ring-2 aria-invalid:ring-destructive/20 dark:aria-invalid:border-destructive/50 dark:aria-invalid:ring-destructive/40 [&_svg]:pointer-events-none [&_svg]:shrink-0 h-7 gap-1 px-2 text-xs/relaxed has-data-[icon=inline-end]:pr-1.5 has-data-[icon=inline-start]:pl-1.5 [&_svg:not([class*='size-'])]:size-3.5 border-border hover:bg-input/50 hover:text-foreground aria-expanded:bg-muted aria-expanded:text-foreground dark:bg-input/30"
      data-slot="button"
      tabindex="0"
      type="button"
    >
      Left
    </button>
    <button
      class="group/button inline-flex shrink-0 items-center justify-center rounded-md border bg-clip-padding font-medium whitespace-nowrap transition-all duration-150 ease-out outline-none select-none focus-visible:border-ring focus-visible:ring-2 focus-visible:ring-ring/50 disabled:pointer-events-none disabled:opacity-50 aria-invalid:border-destructive aria-invalid:ring-2 aria-invalid:ring-destructive/20 dark:aria-invalid:border-destructive/50 dark:aria-invalid:ring-destructive/40 [&_svg]:pointer-events-none [&_svg]:shrink-0 h-7 gap-1 px-2 text-xs/relaxed has-data-[icon=inline-end]:pr-1.5 has-data-[icon=inline-start]:pl-1.5 [&_svg:not([class*='size-'])]:size-3.5 border-border hover:bg-input/50 hover:text-foreground aria-expanded:bg-muted aria-expanded:text-foreground dark:bg-input/30"
      data-slot="button"
      tabindex="0"
      type="button"
    >
      Center
    </button>
    <button
      class="group/button inline-flex shrink-0 items-center justify-center rounded-md border bg-clip-padding font-medium whitespace-nowrap transition-all duration-150 ease-out outline-none select-none focus-visible:border-ring focus-visible:ring-2 focus-visible:ring-ring/50 disabled:pointer-events-none disabled:opacity-50 aria-invalid:border-destructive aria-invalid:ring-2 aria-invalid:ring-destructive/20 dark:aria-invalid:border-destructive/50 dark:aria-invalid:ring-destructive/40 [&_svg]:pointer-events-none [&_svg]:shrink-0 h-7 gap-1 px-2 text-xs/relaxed has-data-[icon=inline-end]:pr-1.5 has-data-[icon=inline-start]:pl-1.5 [&_svg:not([class*='size-'])]:size-3.5 border-border hover:bg-input/50 hover:text-foreground aria-expanded:bg-muted aria-expanded:text-foreground dark:bg-input/30"
      data-slot="button"
      tabindex="0"
      type="button"
    >
      Right
    </button>
  </div>
</div>
`;

exports[`button-group > vertical 1`] = `
<div>
  <div
    class="flex w-fit items-stretch *:focus-visible:relative *:focus-visible:z-10 has-[>[data-slot=button-group]]:gap-2 has-[select[aria-hidden=true]:last-child]:[&>[data-slot=select-trigger]:last-of-type]:rounded-r-md [&>[data-slot=select-trigger]:not([class*='w-'])]:w-fit [&>input]:flex-1 flex-col *:data-slot:rounded-b-none [&>[data-slot]:not(:has(~[data-slot]))]:rounded-b-md! [&>[data-slot]~[data-slot]]:rounded-t-none [&>[data-slot]~[data-slot]]:border-t-0"
    data-orientation="vertical"
    data-slot="button-group"
    role="group"
  >
    <button
      class="group/button inline-flex shrink-0 items-center justify-center rounded-md border bg-clip-padding font-medium whitespace-nowrap transition-all duration-150 ease-out outline-none select-none focus-visible:border-ring focus-visible:ring-2 focus-visible:ring-ring/50 disabled:pointer-events-none disabled:opacity-50 aria-invalid:border-destructive aria-invalid:ring-2 aria-invalid:ring-destructive/20 dark:aria-invalid:border-destructive/50 dark:aria-invalid:ring-destructive/40 [&_svg]:pointer-events-none [&_svg]:shrink-0 h-7 gap-1 px-2 text-xs/relaxed has-data-[icon=inline-end]:pr-1.5 has-data-[icon=inline-start]:pl-1.5 [&_svg:not([class*='size-'])]:size-3.5 border-border hover:bg-input/50 hover:text-foreground aria-expanded:bg-muted aria-expanded:text-foreground dark:bg-input/30"
      data-slot="button"
      tabindex="0"
      type="button"
    >
      Top
    </button>
    <button
      class="group/button inline-flex shrink-0 items-center justify-center rounded-md border bg-clip-padding font-medium whitespace-nowrap transition-all duration-150 ease-out outline-none select-none focus-visible:border-ring focus-visible:ring-2 focus-visible:ring-ring/50 disabled:pointer-events-none disabled:opacity-50 aria-invalid:border-destructive aria-invalid:ring-2 aria-invalid:ring-destructive/20 dark:aria-invalid:border-destructive/50 dark:aria-invalid:ring-destructive/40 [&_svg]:pointer-events-none [&_svg]:shrink-0 h-7 gap-1 px-2 text-xs/relaxed has-data-[icon=inline-end]:pr-1.5 has-data-[icon=inline-start]:pl-1.5 [&_svg:not([class*='size-'])]:size-3.5 border-border hover:bg-input/50 hover:text-foreground aria-expanded:bg-muted aria-expanded:text-foreground dark:bg-input/30"
      data-slot="button"
      tabindex="0"
      type="button"
    >
      Middle
    </button>
    <button
      class="group/button inline-flex shrink-0 items-center justify-center rounded-md border bg-clip-padding font-medium whitespace-nowrap transition-all duration-150 ease-out outline-none select-none focus-visible:border-ring focus-visible:ring-2 focus-visible:ring-ring/50 disabled:pointer-events-none disabled:opacity-50 aria-invalid:border-destructive aria-invalid:ring-2 aria-invalid:ring-destructive/20 dark:aria-invalid:border-destructive/50 dark:aria-invalid:ring-destructive/40 [&_svg]:pointer-events-none [&_svg]:shrink-0 h-7 gap-1 px-2 text-xs/relaxed has-data-[icon=inline-end]:pr-1.5 has-data-[icon=inline-start]:pl-1.5 [&_svg:not([class*='size-'])]:size-3.5 border-border hover:bg-input/50 hover:text-foreground aria-expanded:bg-muted aria-expanded:text-foreground dark:bg-input/30"
      data-slot="button"
      tabindex="0"
      type="button"
    >
      Bottom
    </button>
  </div>
</div>
`;

exports[`button-group > withIcons 1`] = `
<div>
  <div
    class="flex w-fit items-stretch *:focus-visible:relative *:focus-visible:z-10 has-[>[data-slot=button-group]]:gap-2 has-[select[aria-hidden=true]:last-child]:[&>[data-slot=select-trigger]:last-of-type]:rounded-r-md [&>[data-slot=select-trigger]:not([class*='w-'])]:w-fit [&>input]:flex-1 *:data-slot:rounded-r-none [&>[data-slot]:not(:has(~[data-slot]))]:rounded-r-md! [&>[data-slot]~[data-slot]]:rounded-l-none [&>[data-slot]~[data-slot]]:border-l-0"
    data-slot="button-group"
    role="group"
  >
    <button
      aria-label="Bold"
      class="group/button inline-flex shrink-0 items-center justify-center rounded-md border bg-clip-padding text-xs/relaxed font-medium whitespace-nowrap transition-all duration-150 ease-out outline-none select-none focus-visible:border-ring focus-visible:ring-2 focus-visible:ring-ring/50 disabled:pointer-events-none disabled:opacity-50 aria-invalid:border-destructive aria-invalid:ring-2 aria-invalid:ring-destructive/20 dark:aria-invalid:border-destructive/50 dark:aria-invalid:ring-destructive/40 [&_svg]:pointer-events-none [&_svg]:shrink-0 size-7 [&_svg:not([class*='size-'])]:size-3.5 border-border hover:bg-input/50 hover:text-foreground aria-expanded:bg-muted aria-expanded:text-foreground dark:bg-input/30"
      data-slot="button"
      tabindex="0"
      type="button"
    >
      <svg
        aria-hidden="true"
        class="lucide lucide-bold"
        fill="none"
        height="24"
        stroke="currentColor"
        stroke-linecap="round"
        stroke-linejoin="round"
        stroke-width="2"
        viewBox="0 0 24 24"
        width="24"
        xmlns="http://www.w3.org/2000/svg"
      >
        <path
          d="M6 12h9a4 4 0 0 1 0 8H7a1 1 0 0 1-1-1V5a1 1 0 0 1 1-1h7a4 4 0 0 1 0 8"
        />
      </svg>
    </button>
    <button
      aria-label="Italic"
      class="group/button inline-flex shrink-0 items-center justify-center rounded-md border bg-clip-padding text-xs/relaxed font-medium whitespace-nowrap transition-all duration-150 ease-out outline-none select-none focus-visible:border-ring focus-visible:ring-2 focus-visible:ring-ring/50 disabled:pointer-events-none disabled:opacity-50 aria-invalid:border-destructive aria-invalid:ring-2 aria-invalid:ring-destructive/20 dark:aria-invalid:border-destructive/50 dark:aria-invalid:ring-destructive/40 [&_svg]:pointer-events-none [&_svg]:shrink-0 size-7 [&_svg:not([class*='size-'])]:size-3.5 border-border hover:bg-input/50 hover:text-foreground aria-expanded:bg-muted aria-expanded:text-foreground dark:bg-input/30"
      data-slot="button"
      tabindex="0"
      type="button"
    >
      <svg
        aria-hidden="true"
        class="lucide lucide-italic"
        fill="none"
        height="24"
        stroke="currentColor"
        stroke-linecap="round"
        stroke-linejoin="round"
        stroke-width="2"
        viewBox="0 0 24 24"
        width="24"
        xmlns="http://www.w3.org/2000/svg"
      >
        <line
          x1="19"
          x2="10"
          y1="4"
          y2="4"
        />
        <line
          x1="14"
          x2="5"
          y1="20"
          y2="20"
        />
        <line
          x1="15"
          x2="9"
          y1="4"
          y2="20"
        />
      </svg>
    </button>
    <button
      aria-label="Underline"
      class="group/button inline-flex shrink-0 items-center justify-center rounded-md border bg-clip-padding text-xs/relaxed font-medium whitespace-nowrap transition-all duration-150 ease-out outline-none select-none focus-visible:border-ring focus-visible:ring-2 focus-visible:ring-ring/50 disabled:pointer-events-none disabled:opacity-50 aria-invalid:border-destructive aria-invalid:ring-2 aria-invalid:ring-destructive/20 dark:aria-invalid:border-destructive/50 dark:aria-invalid:ring-destructive/40 [&_svg]:pointer-events-none [&_svg]:shrink-0 size-7 [&_svg:not([class*='size-'])]:size-3.5 border-border hover:bg-input/50 hover:text-foreground aria-expanded:bg-muted aria-expanded:text-foreground dark:bg-input/30"
      data-slot="button"
      tabindex="0"
      type="button"
    >
      <svg
        aria-hidden="true"
        class="lucide lucide-underline"
        fill="none"
        height="24"
        stroke="currentColor"
        stroke-linecap="round"
        stroke-linejoin="round"
        stroke-width="2"
        viewBox="0 0 24 24"
        width="24"
        xmlns="http://www.w3.org/2000/svg"
      >
        <path
          d="M6 4v6a6 6 0 0 0 12 0V4"
        />
        <line
          x1="4"
          x2="20"
          y1="20"
          y2="20"
        />
      </svg>
    </button>
  </div>
</div>
`;

exports[`button-group > withSeparator 1`] = `
<div>
  <div
    class="flex w-fit items-stretch *:focus-visible:relative *:focus-visible:z-10 has-[>[data-slot=button-group]]:gap-2 has-[select[aria-hidden=true]:last-child]:[&>[data-slot=select-trigger]:last-of-type]:rounded-r-md [&>[data-slot=select-trigger]:not([class*='w-'])]:w-fit [&>input]:flex-1 *:data-slot:rounded-r-none [&>[data-slot]:not(:has(~[data-slot]))]:rounded-r-md! [&>[data-slot]~[data-slot]]:rounded-l-none [&>[data-slot]~[data-slot]]:border-l-0"
    data-slot="button-group"
    role="group"
  >
    <button
      class="group/button inline-flex shrink-0 items-center justify-center rounded-md border bg-clip-padding font-medium whitespace-nowrap transition-all duration-150 ease-out outline-none select-none focus-visible:border-ring focus-visible:ring-2 focus-visible:ring-ring/50 disabled:pointer-events-none disabled:opacity-50 aria-invalid:border-destructive aria-invalid:ring-2 aria-invalid:ring-destructive/20 dark:aria-invalid:border-destructive/50 dark:aria-invalid:ring-destructive/40 [&_svg]:pointer-events-none [&_svg]:shrink-0 h-7 gap-1 px-2 text-xs/relaxed has-data-[icon=inline-end]:pr-1.5 has-data-[icon=inline-start]:pl-1.5 [&_svg:not([class*='size-'])]:size-3.5 border-border hover:bg-input/50 hover:text-foreground aria-expanded:bg-muted aria-expanded:text-foreground dark:bg-input/30"
      data-slot="button"
      tabindex="0"
      type="button"
    >
      Copy
    </button>
    <div
      aria-orientation="vertical"
      class="shrink-0 data-horizontal:h-px data-vertical:w-px data-vertical:self-stretch relative self-stretch bg-input data-horizontal:mx-px data-horizontal:w-auto data-vertical:my-px data-vertical:h-auto"
      data-orientation="vertical"
      data-slot="button-group-separator"
      role="separator"
    />
    <button
      class="group/button inline-flex shrink-0 items-center justify-center rounded-md border bg-clip-padding font-medium whitespace-nowrap transition-all duration-150 ease-out outline-none select-none focus-visible:border-ring focus-visible:ring-2 focus-visible:ring-ring/50 disabled:pointer-events-none disabled:opacity-50 aria-invalid:border-destructive aria-invalid:ring-2 aria-invalid:ring-destructive/20 dark:aria-invalid:border-destructive/50 dark:aria-invalid:ring-destructive/40 [&_svg]:pointer-events-none [&_svg]:shrink-0 h-7 gap-1 px-2 text-xs/relaxed has-data-[icon=inline-end]:pr-1.5 has-data-[icon=inline-start]:pl-1.5 [&_svg:not([class*='size-'])]:size-3.5 border-border hover:bg-input/50 hover:text-foreground aria-expanded:bg-muted aria-expanded:text-foreground dark:bg-input/30"
      data-slot="button"
      tabindex="0"
      type="button"
    >
      Paste
    </button>
  </div>
</div>
`;
