// Vitest Snapshot v1, https://vitest.dev/guide/snapshot.html

exports[`separator > inContext 1`] = `
<div
  class="space-y-1 p-4"
  data-testid="root"
>
  <div
    class="text-sm font-medium"
  >
    oh-my-query
  </div>
  <p
    class="text-xs text-muted-foreground"
  >
    A desktop app for querying databases.
  </p>
  <div
    aria-orientation="horizontal"
    class="shrink-0 bg-border data-horizontal:h-px data-horizontal:w-full data-vertical:w-px data-vertical:self-stretch"
    data-orientation="horizontal"
    data-slot="separator"
    role="separator"
  />
  <div
    class="flex h-5 items-center gap-4 text-xs"
  >
    <span>
      Docs
    </span>
    <div
      aria-orientation="vertical"
      class="shrink-0 bg-border data-horizontal:h-px data-horizontal:w-full data-vertical:w-px data-vertical:self-stretch"
      data-orientation="vertical"
      data-slot="separator"
      role="separator"
    />
    <span>
      Source
    </span>
    <div
      aria-orientation="vertical"
      class="shrink-0 bg-border data-horizontal:h-px data-horizontal:w-full data-vertical:w-px data-vertical:self-stretch"
      data-orientation="vertical"
      data-slot="separator"
      role="separator"
    />
    <span>
      Settings
    </span>
  </div>
</div>
`;
